PS C:\Users\Lenovo\PSC\c-activity-sets> cd
PS C:\Users\Lenovo\PSC\c-activity-sets> cd set02
PS C:\Users\Lenovo\PSC\c-activity-sets\set02> gcc problem02.c
c:/mingw/bin/../lib/gcc/mingw32/6.3.0/../../../../mingw32/bin/ld.exe: cannot open output file a.exe: Permission denied
collect2.exe: error: ld returned 1 exit status
PS C:\Users\Lenovo\PSC\c-activity-sets\set02> .\a.exe
Enter the length of a side of the triangle: 2
Enter the length of a side of the triangle: 4
Enter the length of a side of the triangle: 5
The triangle with sides 2, 4, and 5 is scalene.
PS C:\Users\Lenovo\PSC\c-activity-sets\set02> git add .
PS C:\Users\Lenovo\PSC\c-activity-sets\set02> git commit -m"test"
On branch main
Your branch is up to date with 'origin/main'.

Changes not staged for commit:
  (use "git add <file>..." to update what will be committed)
  (use "git restore <file>..." to discard changes in working directory)
        modified:   ../.vscode/launch.json

no changes added to commit (use "git add" and/or "git commit -a")
PS C:\Users\Lenovo\PSC\c-activity-sets\set02> git pull
Already up to date.
PS C:\Users\Lenovo\PSC\c-activity-sets\set02> git push
Everything up-to-date
PS C:\Users\Lenovo\PSC\c-activity-sets\set02> gdb .\a.exe
GNU gdb (GDB) 7.6.1
Copyright (C) 2013 Free Software Foundation, Inc.
License GPLv3+: GNU GPL version 3 or later <http://gnu.org/licenses/gpl.html>
This is free software: you are free to change and redistribute it.
There is NO WARRANTY, to the extent permitted by law.  Type "show copying"
and "show warranty" for details.
This GDB was configured as "mingw32".
For bug reporting instructions, please see:
<http://www.gnu.org/software/gdb/bugs/>...
Reading symbols from C:\Users\Lenovo\PSC\c-activity-sets\set02\a.exe...done.
(gdb) b 6
Breakpoint 1 at 0x402100: file ../../../src/gcc-6.3.0/libgcc/config/i386/cygwin.S, line 6.
(gdb) r
Starting program: C:\Users\Lenovo\PSC\c-activity-sets\set02/.\a.exe
[New Thread 34568.0x20ec]
[New Thread 34568.0x9d54]
[New Thread 34568.0x3b10]

Breakpoint 1, __chkstk_ms () at ../../../src/gcc-6.3.0/libgcc/config/i386/cygwin.S:163
163     ../../../src/gcc-6.3.0/libgcc/config/i386/cygwin.S: No such file or directory.
(i-search)`': 
