cd : Cannot find path 'C:\Users\Lenovo\PSC\c-activity-sets\seat01' because it does not exist.
PS C:\Users\Lenovo\PSC\c-activity-sets> gcc problem02.c
gcc.exe: error: problem02.c: No such file or directory
gcc.exe: fatal error: no input files
compilation terminated.
PS C:\Users\Lenovo\PSC\c-activity-sets> cd
PS C:\Users\Lenovo\PSC\c-activity-sets> cd set01 
PS C:\Users\Lenovo\PSC\c-activity-sets\set01> gcc problem02.c
PS C:\Users\Lenovo\PSC\c-activity-sets\set01> .\a.exe
Enter your first Numbr:2
enter the second Number:4
6
PS C:\Users\Lenovo\PSC\c-activity-sets\set01> git add .
PS C:\Users\Lenovo\PSC\c-activity-sets\set01> git commit -m"test"
On branch main
Your branch is up to date with 'origin/main'.

nothing to commit, working tree clean
PS C:\Users\Lenovo\PSC\c-activity-sets\set01> git push
Everything up-to-date
PS C:\Users\Lenovo\PSC\c-activity-sets\set01> gdb a.exe
GNU gdb (GDB) 7.6.1
Copyright (C) 2013 Free Software Foundation, Inc.
License GPLv3+: GNU GPL version 3 or later <http://gnu.org/licenses/gpl.html>
This is free software: you are free to change and redistribute it.
There is NO WARRANTY, to the extent permitted by law.  Type "show copying"
and "show warranty" for details.
This GDB was configured as "mingw32".
For bug reporting instructions, please see:
<http://www.gnu.org/software/gdb/bugs/>...
Reading symbols from C:\Users\Lenovo\PSC\c-activity-sets\set01\a.exe...done.
(gdb) b main
Breakpoint 1 at 0x401463
(gdb) r
Starting program: C:\Users\Lenovo\PSC\c-activity-sets\set01/a.exe
[New Thread 5552.0x1204]
[New Thread 5552.0x1f34]
[New Thread 5552.0x5ef8]
[New Thread 5552.0xbdc]

Breakpoint 1, 0x00401463 in main ()
(i-search)`':
